
> co-opt-pro@0.0.0 build
> vite build

vite v7.3.1 building client environment for production...
transforming...
[plugin vite:resolve] Module "node:fs/promises" has been externalized for browser compatibility, imported by "/Users/masanori/Desktop/co-opt/rust-wasm/ts/raytracing/rust-raytracing-wasm.ts". See https://vite.dev/guide/troubleshooting.html#module-externalized-for-browser-compatibility for more details.
[plugin vite:resolve] Module "node:url" has been externalized for browser compatibility, imported by "/Users/masanori/Desktop/co-opt/rust-wasm/ts/raytracing/rust-raytracing-wasm.ts". See https://vite.dev/guide/troubleshooting.html#module-externalized-for-browser-compatibility for more details.
✓ 175 modules transformed.
rendering chunks...
[plugin vite:reporter] 
(!) /Users/masanori/Desktop/co-opt/evaluation/tfmtf-worker-pool.ts is dynamically imported by /Users/masanori/Desktop/co-opt/tools/benchmark-tfmtf.ts but also statically imported by /Users/masanori/Desktop/co-opt/evaluation/mtf-plot.ts, dynamic import will not move module into another chunk.

[plugin vite:reporter] 
(!) /Users/masanori/Desktop/co-opt/evaluation/mtf-plot.ts is dynamically imported by /Users/masanori/Desktop/co-opt/tools/benchmark-tfmtf.ts, /Users/masanori/Desktop/co-opt/tools/benchmark-tfmtf.ts but also statically imported by /Users/masanori/Desktop/co-opt/main.ts, dynamic import will not move module into another chunk.

[plugin vite:reporter] 
(!) /Users/masanori/Desktop/co-opt/rust-wasm/ts/raytracing/rust-raytracing-wasm.ts is dynamically imported by /Users/masanori/Desktop/co-opt/analysis/optical-analysis.ts, /Users/masanori/Desktop/co-opt/evaluation/wavefront/wavefront.ts, /Users/masanori/Desktop/co-opt/src/desktop/ipc/client.ts, /Users/masanori/Desktop/co-opt/src/desktop/ipc/client.ts, /Users/masanori/Desktop/co-opt/src/desktop/ipc/client.ts, /Users/masanori/Desktop/co-opt/src/desktop/ipc/client.ts, /Users/masanori/Desktop/co-opt/src/desktop/ipc/client.ts, /Users/masanori/Desktop/co-opt/src/desktop/ipc/client.ts, /Users/masanori/Desktop/co-opt/src/desktop/ipc/client.ts, /Users/masanori/Desktop/co-opt/ui/event-handlers.ts but also statically imported by /Users/masanori/Desktop/co-opt/core/wasm-service.ts, /Users/masanori/Desktop/co-opt/evaluation/aberrations/magnification-chromatic-aberration.ts, /Users/masanori/Desktop/co-opt/evaluation/wavefront/opd-profiler.ts, /Users/masanori/Desktop/co-opt/main.ts, /Users/masanori/Desktop/co-opt/optical/ray-renderer.ts, /Users/masanori/Desktop/co-opt/raytracing/core/ray-tracing.ts, /Users/masanori/Desktop/co-opt/raytracing/generation/gen-ray-cross-infinite.ts, /Users/masanori/Desktop/co-opt/rust-wasm/ts/optimization/optimizer-wasm-bridge.ts, /Users/masanori/Desktop/co-opt/rust-wasm/ts/raytracing/fft-wasm-wrapper.ts, dynamic import will not move module into another chunk.

[plugin vite:reporter] 
(!) /Users/masanori/Desktop/co-opt/src/desktop/runtime.ts is dynamically imported by /Users/masanori/Desktop/co-opt/analysis/optical-analysis.ts, /Users/masanori/Desktop/co-opt/evaluation/aberrations/distortion.ts, /Users/masanori/Desktop/co-opt/evaluation/aberrations/distortion.ts, /Users/masanori/Desktop/co-opt/evaluation/aberrations/distortion.ts, /Users/masanori/Desktop/co-opt/evaluation/aberrations/distortion.ts, /Users/masanori/Desktop/co-opt/evaluation/aberrations/magnification-chromatic-aberration.ts, /Users/masanori/Desktop/co-opt/ui/editors/merit-function-editor.ts, /Users/masanori/Desktop/co-opt/ui/editors/merit-function-editor.ts, /Users/masanori/Desktop/co-opt/ui/editors/merit-function-editor.ts, /Users/masanori/Desktop/co-opt/ui/editors/merit-function-editor.ts but also statically imported by /Users/masanori/Desktop/co-opt/ai/ai-assistant.ts, /Users/masanori/Desktop/co-opt/evaluation/mtf-plot.ts, /Users/masanori/Desktop/co-opt/evaluation/psf/psf-calculator.ts, /Users/masanori/Desktop/co-opt/main.ts, /Users/masanori/Desktop/co-opt/optimization/optimizer-mvp.ts, /Users/masanori/Desktop/co-opt/raytracing/core/ray-tracing.ts, /Users/masanori/Desktop/co-opt/src/app/App.tsx, /Users/masanori/Desktop/co-opt/src/app/DistortionAnalysisPage.tsx, /Users/masanori/Desktop/co-opt/src/desktop/ipc/client.ts, /Users/masanori/Desktop/co-opt/ui/dom-event-handlers.ts, /Users/masanori/Desktop/co-opt/ui/event-handlers.ts, /Users/masanori/Desktop/co-opt/ui/toolbar-handlers.ts, dynamic import will not move module into another chunk.

[plugin vite:reporter] 
(!) /Users/masanori/Desktop/co-opt/raytracing/core/ray-tracing.ts is dynamically imported by /Users/masanori/Desktop/co-opt/src/desktop/ipc/client.ts, /Users/masanori/Desktop/co-opt/ui/ray-tracing-globals.ts but also statically imported by /Users/masanori/Desktop/co-opt/evaluation/aberrations/astigmatism.ts, /Users/masanori/Desktop/co-opt/evaluation/aberrations/longitudinal-aberration.ts, /Users/masanori/Desktop/co-opt/evaluation/aberrations/transverse-aberration.ts, /Users/masanori/Desktop/co-opt/evaluation/spot-diagram.ts, /Users/masanori/Desktop/co-opt/evaluation/wavefront/opd-profiler.ts, /Users/masanori/Desktop/co-opt/evaluation/wavefront/wavefront.ts, /Users/masanori/Desktop/co-opt/main.ts, /Users/masanori/Desktop/co-opt/optical/ray-renderer.ts, /Users/masanori/Desktop/co-opt/optical/system-renderer.ts, /Users/masanori/Desktop/co-opt/raytracing/core/ray-aperture-edge.ts, /Users/masanori/Desktop/co-opt/raytracing/core/ray-marginal.ts, /Users/masanori/Desktop/co-opt/raytracing/generation/gen-ray-cross-finite.ts, /Users/masanori/Desktop/co-opt/raytracing/generation/gen-ray-cross-infinite.ts, /Users/masanori/Desktop/co-opt/src/app/App.tsx, /Users/masanori/Desktop/co-opt/src/desktop/ipc/client.ts, /Users/masanori/Desktop/co-opt/ui/editors/merit-function-editor.ts, /Users/masanori/Desktop/co-opt/ui/event-handlers.ts, /Users/masanori/Desktop/co-opt/utils/data-utils.ts, dynamic import will not move module into another chunk.

[plugin vite:reporter] 
(!) /Users/masanori/Desktop/co-opt/evaluation/spot-diagram.ts is dynamically imported by /Users/masanori/Desktop/co-opt/analysis/optical-analysis.ts, /Users/masanori/Desktop/co-opt/analysis/optical-analysis.ts, /Users/masanori/Desktop/co-opt/analysis/optical-analysis.ts, /Users/masanori/Desktop/co-opt/analysis/optical-analysis.ts, /Users/masanori/Desktop/co-opt/analysis/optical-analysis.ts, /Users/masanori/Desktop/co-opt/evaluation/aberrations/astigmatism.ts, /Users/masanori/Desktop/co-opt/evaluation/mtf-plot.ts, /Users/masanori/Desktop/co-opt/src/desktop/ipc/client.ts, /Users/masanori/Desktop/co-opt/src/desktop/ipc/client.ts but also statically imported by /Users/masanori/Desktop/co-opt/main.ts, /Users/masanori/Desktop/co-opt/ui/editors/merit-function-editor.ts, /Users/masanori/Desktop/co-opt/ui/editors/system-requirements-editor.ts, /Users/masanori/Desktop/co-opt/ui/event-handlers.ts, /Users/masanori/Desktop/co-opt/ui/ui-updates.ts, dynamic import will not move module into another chunk.

[plugin vite:reporter] 
(!) /Users/masanori/Desktop/co-opt/evaluation/wavefront/wavefront.ts is dynamically imported by /Users/masanori/Desktop/co-opt/evaluation/mtf-plot.ts, /Users/masanori/Desktop/co-opt/evaluation/mtf-plot.ts, /Users/masanori/Desktop/co-opt/src/desktop/ipc/client.ts but also statically imported by /Users/masanori/Desktop/co-opt/evaluation/wavefront/opd-profiler.ts, /Users/masanori/Desktop/co-opt/evaluation/wavefront/wavefront-plot.ts, /Users/masanori/Desktop/co-opt/main.ts, /Users/masanori/Desktop/co-opt/ui/editors/merit-function-editor.ts, /Users/masanori/Desktop/co-opt/ui/event-handlers.ts, dynamic import will not move module into another chunk.

[plugin vite:reporter] 
(!) /Users/masanori/Desktop/co-opt/evaluation/aberrations/longitudinal-aberration.ts is dynamically imported by /Users/masanori/Desktop/co-opt/analysis/optical-analysis.ts, /Users/masanori/Desktop/co-opt/src/desktop/ipc/client.ts, /Users/masanori/Desktop/co-opt/ui/event-handlers.ts but also statically imported by /Users/masanori/Desktop/co-opt/ui/editors/merit-function-editor.ts, dynamic import will not move module into another chunk.

[plugin vite:reporter] 
(!) /Users/masanori/Desktop/co-opt/evaluation/aberrations/transverse-aberration.ts is dynamically imported by /Users/masanori/Desktop/co-opt/analysis/optical-analysis.ts, /Users/masanori/Desktop/co-opt/src/desktop/ipc/client.ts, /Users/masanori/Desktop/co-opt/src/desktop/ipc/client.ts but also statically imported by /Users/masanori/Desktop/co-opt/evaluation/aberrations/astigmatism.ts, /Users/masanori/Desktop/co-opt/evaluation/aberrations/distortion.ts, /Users/masanori/Desktop/co-opt/main.ts, /Users/masanori/Desktop/co-opt/raytracing/core/ray-aperture-edge.ts, /Users/masanori/Desktop/co-opt/ui/editors/merit-function-editor.ts, /Users/masanori/Desktop/co-opt/ui/editors/system-requirements-editor.ts, dynamic import will not move module into another chunk.

[plugin vite:reporter] 
(!) /Users/masanori/Desktop/co-opt/src/desktop/ipc/client.ts is dynamically imported by /Users/masanori/Desktop/co-opt/analysis/optical-analysis.ts, /Users/masanori/Desktop/co-opt/analysis/optical-analysis.ts, /Users/masanori/Desktop/co-opt/analysis/optical-analysis.ts, /Users/masanori/Desktop/co-opt/analysis/optical-analysis.ts, /Users/masanori/Desktop/co-opt/analysis/optical-analysis.ts, /Users/masanori/Desktop/co-opt/analysis/optical-analysis.ts, /Users/masanori/Desktop/co-opt/analysis/optical-analysis.ts, /Users/masanori/Desktop/co-opt/analysis/optical-analysis.ts, /Users/masanori/Desktop/co-opt/evaluation/aberrations/distortion.ts, /Users/masanori/Desktop/co-opt/evaluation/aberrations/distortion.ts, /Users/masanori/Desktop/co-opt/evaluation/aberrations/distortion.ts, /Users/masanori/Desktop/co-opt/evaluation/aberrations/distortion.ts, /Users/masanori/Desktop/co-opt/evaluation/aberrations/magnification-chromatic-aberration.ts, /Users/masanori/Desktop/co-opt/evaluation/aberrations/magnification-chromatic-aberration.ts, /Users/masanori/Desktop/co-opt/evaluation/wavefront/wavefront-plot.ts, /Users/masanori/Desktop/co-opt/main.ts, /Users/masanori/Desktop/co-opt/ui/editors/merit-function-editor.ts, /Users/masanori/Desktop/co-opt/ui/editors/merit-function-editor.ts, /Users/masanori/Desktop/co-opt/ui/editors/merit-function-editor.ts, /Users/masanori/Desktop/co-opt/ui/editors/merit-function-editor.ts but also statically imported by /Users/masanori/Desktop/co-opt/ai/ai-assistant.ts, /Users/masanori/Desktop/co-opt/evaluation/mtf-plot.ts, /Users/masanori/Desktop/co-opt/evaluation/psf/psf-calculator.ts, /Users/masanori/Desktop/co-opt/main.ts, /Users/masanori/Desktop/co-opt/optimization/optimizer-mvp.ts, /Users/masanori/Desktop/co-opt/src/app/App.tsx, /Users/masanori/Desktop/co-opt/src/app/DistortionAnalysisPage.tsx, /Users/masanori/Desktop/co-opt/src/app/MtfAnalysisPage.tsx, /Users/masanori/Desktop/co-opt/src/desktop/adapters/file.ts, /Users/masanori/Desktop/co-opt/ui/event-handlers.ts, /Users/masanori/Desktop/co-opt/ui/toolbar-handlers.ts, dynamic import will not move module into another chunk.

computing gzip size...
dist/assets/favicon-DBJeJkyS.svg                                     0.30 kB │ gzip:   0.23 kB
dist/index.html                                                     22.33 kB │ gzip:   7.14 kB
dist/assets/surface_origins-D_a0A-HZ.js                             54.07 kB
dist/assets/surface_origins_bg-_KVYzD5l.wasm                       619.07 kB │ gzip: 239.55 kB
dist/assets/pdf.worker.min-FHbmGBN0.mjs                          1,244.25 kB
dist/assets/app-BA1CPsvN.css                                        81.11 kB │ gzip:  12.45 kB
dist/assets/__vite-browser-external-BIHI7g3E.js                      0.03 kB │ gzip:   0.05 kB
dist/assets/pdf.worker.min-CP4qrDN0.js                               0.08 kB │ gzip:   0.10 kB
dist/assets/loaded-file-storage-D-jvEzGU.js                          0.74 kB │ gzip:   0.32 kB
dist/assets/event-usghY9-v.js                                        1.38 kB │ gzip:   0.68 kB
dist/assets/psf-wasm-wrapper-CmjORa7L.js                             2.19 kB │ gzip:   0.83 kB
dist/assets/psf-serialization-CPSFDk_1.js                            2.20 kB │ gzip:   0.89 kB
dist/assets/magnification-chromatic-aberration-plot-DX_CVh81.js      4.56 kB │ gzip:   1.96 kB
dist/assets/webviewWindow-C2oIu-ys.js                                4.94 kB │ gzip:   1.49 kB
dist/assets/longitudinal-aberration-plot-B8hkQC6I.js                 5.83 kB │ gzip:   2.11 kB
dist/assets/fft-wasm-wrapper-CxUenw6f.js                             7.06 kB │ gzip:   2.04 kB
dist/assets/astigmatism-plot-D5wQAwv2.js                             8.13 kB │ gzip:   3.16 kB
dist/assets/ray-marginal-B3yGKriS.js                                 8.76 kB │ gzip:   3.62 kB
dist/assets/magnification-chromatic-aberration-BVDVxGQR.js           9.89 kB │ gzip:   3.66 kB
dist/assets/integrated-aberration-plot-BuuUq4Y6.js                  11.32 kB │ gzip:   3.73 kB
dist/assets/window-B-OKs0NT.js                                      13.99 kB │ gzip:   3.53 kB
dist/assets/index-Dg_KzgAZ.js                                       15.89 kB │ gzip:   6.87 kB
dist/assets/transverse-aberration-plot-DHnc-iG-.js                  22.05 kB │ gzip:   5.87 kB
dist/assets/optimizer-wasm-bridge-CNdfTNh1.js                       24.00 kB │ gzip:   6.34 kB
dist/assets/psf-calculator-aBW9Fc8Z.js                              27.29 kB │ gzip:   9.30 kB
dist/assets/astigmatism-uQ17peVu.js                                 34.99 kB │ gzip:  12.11 kB
dist/assets/table-configuration-BIypRAuZ.js                        317.58 kB │ gzip:  87.57 kB
dist/assets/pdf-C4heYEAT.js                                        411.01 kB │ gzip: 122.64 kB
dist/assets/app-BviGM-Qx.js                                        626.97 kB │ gzip: 178.37 kB
dist/assets/main-CY_OdXWy.js                                     1,170.36 kB │ gzip: 276.90 kB
dist/assets/toolbar-collapsed-storage-Dtkjp9K9.js                1,818.13 kB │ gzip: 507.43 kB

(!) Some chunks are larger than 500 kB after minification. Consider:
- Using dynamic import() to code-split the application
- Use build.rollupOptions.output.manualChunks to improve chunking: https://rollupjs.org/configuration-options/#output-manualchunks
- Adjust chunk size limit for this warning via build.chunkSizeWarningLimit.
✓ built in 2.29s
